
> temp-app@0.1.0 build
> next build

Γû▓ Next.js 16.1.4 (Turbopack)
- Environments: .env.local

  Creating an optimized production build ...
Γ£ô Compiled successfully in 7.4s
  Running TypeScript ...
node.exe : Failed to 
compile.
At 
D:\setup\npm.ps1:29 
char:3
+   & $NODE_EXE 
$NPM_CLI_JS $args
+   ~~~~~~~~~~~~~~~~~
~~~~~~~~~~~~
    + CategoryInfo   
           : NotSpe  
  cified: (Failed    
 to compile.:Stri    
ng) [], RemoteEx    
ception
    + FullyQualified 
   ErrorId : Native  
  CommandError
 

./src/app/dashboard/p
age.tsx:103:34
Type error: Property 
'length' does not 
exist on type 
'Promise<Lead[]>'.

[0m [90m 101 |[39m
 [90m 102 |[39m    
     [90m// --- 
Calculate Stats 
---[39m
[31m[1m>[22m[39m
[90m 103 |[39m      
   [36mconst[39m 
totalLeads 
[33m=[39m leads[33
m.[39mlength[33m;[
39m
 [90m     |[39m    
                     
         
[31m[1m^[22m[39m
 [90m 104 |[39m
 [90m 105 |[39m    
     [90m// 
Potential Revenue: 
Sum of all 
budgets[39m
 [90m 106 |[39m    
     [36mconst[39m 
potentialRevenue 
[33m=[39m leads[33
m.[39mreduce((sum[3
3m,[39m lead) 
[33m=>[39m sum 
[33m+[39m ([33mNum
ber[39m(lead[33m.[
39mbudget) 
[33m||[39m [35m0[
39m)[33m,[39m [35m
0[39m)[33m;[39m[0
m
Next.js build worker 
exited with code: 1 
and signal: null
